[1.816s] Invoking command in '/home/ubuntu/ros2_ws/src/scooter_data': PYTHONPATH=/home/ubuntu/ros2_ws/build/scooter_data/prefix_override:/usr/lib/python3/dist-packages/colcon_core/task/python/colcon_distutils_commands:/home/ubuntu/ros2_ws/install/scooter_data/lib/python3.12/site-packages:${PYTHONPATH} /usr/bin/python3 -W ignore:setup.py install is deprecated -W ignore:easy_install command is deprecated setup.py egg_info --egg-base ../../build/scooter_data build --build-base /home/ubuntu/ros2_ws/build/scooter_data/build install --record /home/ubuntu/ros2_ws/build/scooter_data/install.log --single-version-externally-managed install_data
[2.206s] running egg_info
[2.236s] writing ../../build/scooter_data/scooter_data.egg-info/PKG-INFO
[2.238s] writing dependency_links to ../../build/scooter_data/scooter_data.egg-info/dependency_links.txt
[2.239s] writing entry points to ../../build/scooter_data/scooter_data.egg-info/entry_points.txt
[2.240s] writing requirements to ../../build/scooter_data/scooter_data.egg-info/requires.txt
[2.241s] writing top-level names to ../../build/scooter_data/scooter_data.egg-info/top_level.txt
[2.300s] reading manifest file '../../build/scooter_data/scooter_data.egg-info/SOURCES.txt'
[2.301s] adding license file 'LICENSE'
[2.303s] writing manifest file '../../build/scooter_data/scooter_data.egg-info/SOURCES.txt'
[2.304s] running build
[2.305s] running build_py
[2.306s] copying scooter_data/radar.py -> /home/ubuntu/ros2_ws/build/scooter_data/build/lib/scooter_data
[2.307s] running install
[2.310s] running install_lib
[2.341s] copying /home/ubuntu/ros2_ws/build/scooter_data/build/lib/scooter_data/radar.py -> /home/ubuntu/ros2_ws/install/scooter_data/lib/python3.12/site-packages/scooter_data
[2.343s] byte-compiling /home/ubuntu/ros2_ws/install/scooter_data/lib/python3.12/site-packages/scooter_data/radar.py to radar.cpython-312.pyc
[2.345s] running install_data
[2.346s] running install_egg_info
[2.377s] removing '/home/ubuntu/ros2_ws/install/scooter_data/lib/python3.12/site-packages/scooter_data-0.0.0-py3.12.egg-info' (and everything under it)
[2.378s] Copying ../../build/scooter_data/scooter_data.egg-info to /home/ubuntu/ros2_ws/install/scooter_data/lib/python3.12/site-packages/scooter_data-0.0.0-py3.12.egg-info
[2.379s] running install_scripts
[2.579s] Installing bag_reader script to /home/ubuntu/ros2_ws/install/scooter_data/lib/scooter_data
[2.580s] Installing bag_recorder script to /home/ubuntu/ros2_ws/install/scooter_data/lib/scooter_data
[2.581s] Installing camera script to /home/ubuntu/ros2_ws/install/scooter_data/lib/scooter_data
[2.583s] writing list of installed files to '/home/ubuntu/ros2_ws/build/scooter_data/install.log'
[2.641s] Invoked command in '/home/ubuntu/ros2_ws/src/scooter_data' returned '0': PYTHONPATH=/home/ubuntu/ros2_ws/build/scooter_data/prefix_override:/usr/lib/python3/dist-packages/colcon_core/task/python/colcon_distutils_commands:/home/ubuntu/ros2_ws/install/scooter_data/lib/python3.12/site-packages:${PYTHONPATH} /usr/bin/python3 -W ignore:setup.py install is deprecated -W ignore:easy_install command is deprecated setup.py egg_info --egg-base ../../build/scooter_data build --build-base /home/ubuntu/ros2_ws/build/scooter_data/build install --record /home/ubuntu/ros2_ws/build/scooter_data/install.log --single-version-externally-managed install_data
