/home/ubuntu/237D/ros2_ws/install/scooter_data/lib/python3.12/site-packages/scooter_data/__init__.py
/home/ubuntu/237D/ros2_ws/install/scooter_data/lib/python3.12/site-packages/scooter_data/bag_recorder.py
/home/ubuntu/237D/ros2_ws/install/scooter_data/lib/python3.12/site-packages/scooter_data/camera_yolo26.py
/home/ubuntu/237D/ros2_ws/install/scooter_data/lib/python3.12/site-packages/scooter_data/controller.py
/home/ubuntu/237D/ros2_ws/install/scooter_data/lib/python3.12/site-packages/scooter_data/servo.py
/home/ubuntu/237D/ros2_ws/install/scooter_data/lib/python3.12/site-packages/scooter_data/bag_reader.py
/home/ubuntu/237D/ros2_ws/install/scooter_data/lib/python3.12/site-packages/scooter_data/camera_yolov26_node.py
/home/ubuntu/237D/ros2_ws/install/scooter_data/lib/python3.12/site-packages/scooter_data/visualize_json_detections.py
/home/ubuntu/237D/ros2_ws/install/scooter_data/lib/python3.12/site-packages/scooter_data/camera.py
/home/ubuntu/237D/ros2_ws/install/scooter_data/lib/python3.12/site-packages/scooter_data/playback.py
/home/ubuntu/237D/ros2_ws/install/scooter_data/lib/python3.12/site-packages/scooter_data/radar.py
/home/ubuntu/237D/ros2_ws/install/scooter_data/lib/python3.12/site-packages/scooter_data/__pycache__/__init__.cpython-312.pyc
/home/ubuntu/237D/ros2_ws/install/scooter_data/lib/python3.12/site-packages/scooter_data/__pycache__/bag_recorder.cpython-312.pyc
/home/ubuntu/237D/ros2_ws/install/scooter_data/lib/python3.12/site-packages/scooter_data/__pycache__/camera_yolo26.cpython-312.pyc
/home/ubuntu/237D/ros2_ws/install/scooter_data/lib/python3.12/site-packages/scooter_data/__pycache__/controller.cpython-312.pyc
/home/ubuntu/237D/ros2_ws/install/scooter_data/lib/python3.12/site-packages/scooter_data/__pycache__/servo.cpython-312.pyc
/home/ubuntu/237D/ros2_ws/install/scooter_data/lib/python3.12/site-packages/scooter_data/__pycache__/bag_reader.cpython-312.pyc
/home/ubuntu/237D/ros2_ws/install/scooter_data/lib/python3.12/site-packages/scooter_data/__pycache__/camera_yolov26_node.cpython-312.pyc
/home/ubuntu/237D/ros2_ws/install/scooter_data/lib/python3.12/site-packages/scooter_data/__pycache__/visualize_json_detections.cpython-312.pyc
/home/ubuntu/237D/ros2_ws/install/scooter_data/lib/python3.12/site-packages/scooter_data/__pycache__/camera.cpython-312.pyc
/home/ubuntu/237D/ros2_ws/install/scooter_data/lib/python3.12/site-packages/scooter_data/__pycache__/playback.cpython-312.pyc
/home/ubuntu/237D/ros2_ws/install/scooter_data/lib/python3.12/site-packages/scooter_data/__pycache__/radar.cpython-312.pyc
/home/ubuntu/237D/ros2_ws/install/scooter_data/share/ament_index/resource_index/packages/scooter_data
/home/ubuntu/237D/ros2_ws/install/scooter_data/share/scooter_data/package.xml
/home/ubuntu/237D/ros2_ws/install/scooter_data/share/scooter_data/launch/scooterdata_launch.py
/home/ubuntu/237D/ros2_ws/install/scooter_data/lib/python3.12/site-packages/scooter_data-0.0.0-py3.12.egg-info/entry_points.txt
/home/ubuntu/237D/ros2_ws/install/scooter_data/lib/python3.12/site-packages/scooter_data-0.0.0-py3.12.egg-info/dependency_links.txt
/home/ubuntu/237D/ros2_ws/install/scooter_data/lib/python3.12/site-packages/scooter_data-0.0.0-py3.12.egg-info/PKG-INFO
/home/ubuntu/237D/ros2_ws/install/scooter_data/lib/python3.12/site-packages/scooter_data-0.0.0-py3.12.egg-info/zip-safe
/home/ubuntu/237D/ros2_ws/install/scooter_data/lib/python3.12/site-packages/scooter_data-0.0.0-py3.12.egg-info/requires.txt
/home/ubuntu/237D/ros2_ws/install/scooter_data/lib/python3.12/site-packages/scooter_data-0.0.0-py3.12.egg-info/SOURCES.txt
/home/ubuntu/237D/ros2_ws/install/scooter_data/lib/python3.12/site-packages/scooter_data-0.0.0-py3.12.egg-info/top_level.txt
/home/ubuntu/237D/ros2_ws/install/scooter_data/lib/scooter_data/bag_reader
/home/ubuntu/237D/ros2_ws/install/scooter_data/lib/scooter_data/bag_recorder
/home/ubuntu/237D/ros2_ws/install/scooter_data/lib/scooter_data/camera
/home/ubuntu/237D/ros2_ws/install/scooter_data/lib/scooter_data/camera_yolov26_node
/home/ubuntu/237D/ros2_ws/install/scooter_data/lib/scooter_data/playback
/home/ubuntu/237D/ros2_ws/install/scooter_data/lib/scooter_data/radar
/home/ubuntu/237D/ros2_ws/install/scooter_data/lib/scooter_data/servo
