[1.271s] Invoking command in '/home/ubuntu/ros2_ws/src/scooter_data': PYTHONPATH=/home/ubuntu/ros2_ws/build/scooter_data/prefix_override:/usr/lib/python3/dist-packages/colcon_core/task/python/colcon_distutils_commands:/home/ubuntu/ros2_ws/install/scooter_data/lib/python3.12/site-packages:${PYTHONPATH} /usr/bin/python3 -W ignore:setup.py install is deprecated -W ignore:easy_install command is deprecated setup.py egg_info --egg-base ../../build/scooter_data build --build-base /home/ubuntu/ros2_ws/build/scooter_data/build install --record /home/ubuntu/ros2_ws/build/scooter_data/install.log --single-version-externally-managed install_data
[1.665s] running egg_info
[1.696s] writing ../../build/scooter_data/scooter_data.egg-info/PKG-INFO
[1.698s] writing dependency_links to ../../build/scooter_data/scooter_data.egg-info/dependency_links.txt
[1.699s] writing entry points to ../../build/scooter_data/scooter_data.egg-info/entry_points.txt
[1.700s] writing requirements to ../../build/scooter_data/scooter_data.egg-info/requires.txt
[1.701s] writing top-level names to ../../build/scooter_data/scooter_data.egg-info/top_level.txt
[1.761s] reading manifest file '../../build/scooter_data/scooter_data.egg-info/SOURCES.txt'
[1.762s] adding license file 'LICENSE'
[1.763s] writing manifest file '../../build/scooter_data/scooter_data.egg-info/SOURCES.txt'
[1.764s] running build
[1.765s] running build_py
[1.766s] copying scooter_data/bag_recorder.py -> /home/ubuntu/ros2_ws/build/scooter_data/build/lib/scooter_data
[1.767s] running install
[1.770s] running install_lib
[1.802s] copying /home/ubuntu/ros2_ws/build/scooter_data/build/lib/scooter_data/bag_recorder.py -> /home/ubuntu/ros2_ws/install/scooter_data/lib/python3.12/site-packages/scooter_data
[1.803s] byte-compiling /home/ubuntu/ros2_ws/install/scooter_data/lib/python3.12/site-packages/scooter_data/bag_recorder.py to bag_recorder.cpython-312.pyc
[1.804s] running install_data
[1.805s] running install_egg_info
[1.836s] removing '/home/ubuntu/ros2_ws/install/scooter_data/lib/python3.12/site-packages/scooter_data-0.0.0-py3.12.egg-info' (and everything under it)
[1.837s] Copying ../../build/scooter_data/scooter_data.egg-info to /home/ubuntu/ros2_ws/install/scooter_data/lib/python3.12/site-packages/scooter_data-0.0.0-py3.12.egg-info
[1.838s] running install_scripts
[2.038s] Installing bag_reader script to /home/ubuntu/ros2_ws/install/scooter_data/lib/scooter_data
[2.040s] Installing bag_recorder script to /home/ubuntu/ros2_ws/install/scooter_data/lib/scooter_data
[2.042s] Installing camera script to /home/ubuntu/ros2_ws/install/scooter_data/lib/scooter_data
[2.043s] Installing radar script to /home/ubuntu/ros2_ws/install/scooter_data/lib/scooter_data
[2.044s] writing list of installed files to '/home/ubuntu/ros2_ws/build/scooter_data/install.log'
[2.100s] Invoked command in '/home/ubuntu/ros2_ws/src/scooter_data' returned '0': PYTHONPATH=/home/ubuntu/ros2_ws/build/scooter_data/prefix_override:/usr/lib/python3/dist-packages/colcon_core/task/python/colcon_distutils_commands:/home/ubuntu/ros2_ws/install/scooter_data/lib/python3.12/site-packages:${PYTHONPATH} /usr/bin/python3 -W ignore:setup.py install is deprecated -W ignore:easy_install command is deprecated setup.py egg_info --egg-base ../../build/scooter_data build --build-base /home/ubuntu/ros2_ws/build/scooter_data/build install --record /home/ubuntu/ros2_ws/build/scooter_data/install.log --single-version-externally-managed install_data
