   MainThread:23:11:15.817 util.py                                   217 DEBUG    | Send cmd --> nmcli general permissions |grep enable-disable-wifi
   MainThread:23:11:16.016 util.py                                   223 DEBUG    | Receive response --> org.freedesktop.NetworkManager.enable-disable-wifi                no    

   MainThread:23:11:16.016 util.py                                   217 DEBUG    | Send cmd --> nmcli general permissions |grep scan
   MainThread:23:11:16.215 util.py                                   223 DEBUG    | Receive response --> org.freedesktop.NetworkManager.wifi.scan                          auth  

   MainThread:23:11:21.982 util.py                                   217 DEBUG    | Send cmd --> echo "********" | sudo -S echo "VALID PASSWORD"
   MainThread:23:11:25.286 util.py                                   223 DEBUG    | Receive response --> VALID PASSWORD

   MainThread:23:11:25.286 util.py                                   217 DEBUG    | Send cmd --> nmcli --version
   MainThread:23:11:25.296 util.py                                   223 DEBUG    | Receive response --> nmcli tool, version 1.46.0

   MainThread:23:11:25.297 util.py                                   217 DEBUG    | Send cmd --> echo "********" | sudo -S nmcli dev
   MainThread:23:11:35.386 util.py                                   223 DEBUG    | Receive response --> DEVICE           TYPE      STATE                   CONNECTION 
ap0              wifi      connected               SCot       
wlan0            wifi      connected               UCSD-GUEST 
lo               loopback  connected (externally)  lo         
p2p-dev-ap0      wifi-p2p  disconnected            --         
p2p-dev-wlan0    wifi-p2p  disconnected            --         
enxf074e47cf261  ethernet  unavailable             --         

   MainThread:23:11:35.387 wireless.py                                94 DEBUG    | Wifi setup. Using [WifiCli] driver::[ap0] interface
   MainThread:23:11:35.389 gopro_wireless.py                         374 INFO     | Opening the camera connection...
   MainThread:23:11:35.415 gopro_wireless.py                         386 INFO     | Initializing camera features...
   MainThread:23:11:35.421 cohn_feature.py                            59 DEBUG    | Opening COHN
   MainThread:23:11:35.421 cohn_feature.py                            72 DEBUG    | COHN opened
   MainThread:23:11:35.422 gopro_wireless.py                         390 INFO     | Camera features initialized
   MainThread:23:11:35.426 gopro_wireless.py                         396 INFO     | Opening BLE connection...
   MainThread:23:11:35.431 bleak_wrapper.py                          127 INFO     | Scanning for GoPro [A-Z0-9]{4} bluetooth devices...
   MainThread:23:11:35.483 cohn_feature.py                           116 DEBUG    | Waiting for BLE connection before starting COHN status tracking
   MainThread:23:11:35.493 manager.py                                356 DEBUG    | initial properties: {'/org/bluez': {'org.freedesktop.DBus.Introspectable': {}, 'org.bluez.AgentManager1': {}, 'org.bluez.ProfileManager1': {}, 'org.bluez.HealthManager1': {}}, '/org/bluez/hci0': {'org.freedesktop.DBus.Introspectable': {}, 'org.bluez.Adapter1': {'Address': '9C:B8:B4:C1:2C:13', 'AddressType': 'public', 'Name': 'ubuntu', 'Alias': 'ubuntu', 'Class': 0, 'Powered': True, 'Discoverable': False, 'DiscoverableTimeout': 180, 'Pairable': False, 'PairableTimeout': 0, 'Discovering': False, 'UUIDs': ['00001801-0000-1000-8000-00805f9b34fb', '00001800-0000-1000-8000-00805f9b34fb', '00001200-0000-1000-8000-00805f9b34fb', '0000110c-0000-1000-8000-00805f9b34fb', '0000110e-0000-1000-8000-00805f9b34fb', '0000180a-0000-1000-8000-00805f9b34fb'], 'Modalias': 'usb:v1D6Bp0246d0548', 'Roles': ['central', 'peripheral'], 'Manufacturer': 15, 'Version': 9}, 'org.freedesktop.DBus.Properties': {}, 'org.bluez.BatteryProviderManager1': {}, 'org.bluez.GattManager1': {}, 'org.bluez.Media1': {'SupportedUUIDs': ['0000110a-0000-1000-8000-00805f9b34fb', '0000110b-0000-1000-8000-00805f9b34fb']}, 'org.bluez.NetworkServer1': {}, 'org.bluez.LEAdvertisingManager1': {'ActiveInstances': 0, 'SupportedInstances': 5, 'SupportedIncludes': ['tx-power', 'appearance', 'local-name']}}}
   MainThread:23:11:35.521 manager.py                                970 DEBUG    | received D-Bus signal: org.freedesktop.DBus.Properties.PropertiesChanged (/org/bluez/hci0): ['org.bluez.Adapter1', {'Discovering': <dbus_fast.signature.Variant ('b', True)>}, []]
   MainThread:23:11:35.735 manager.py                                970 DEBUG    | received D-Bus signal: org.freedesktop.DBus.ObjectManager.InterfacesAdded (/): ['/org/bluez/hci0/dev_D6_54_1E_71_9D_D7', {'org.freedesktop.DBus.Introspectable': {}, 'org.bluez.Device1': {'Address': <dbus_fast.signature.Variant ('s', D6:54:1E:71:9D:D7)>, 'AddressType': <dbus_fast.signature.Variant ('s', random)>, 'Alias': <dbus_fast.signature.Variant ('s', D6-54-1E-71-9D-D7)>, 'Paired': <dbus_fast.signature.Variant ('b', False)>, 'Bonded': <dbus_fast.signature.Variant ('b', False)>, 'Trusted': <dbus_fast.signature.Variant ('b', False)>, 'Blocked': <dbus_fast.signature.Variant ('b', False)>, 'LegacyPairing': <dbus_fast.signature.Variant ('b', False)>, 'RSSI': <dbus_fast.signature.Variant ('n', -43)>, 'Connected': <dbus_fast.signature.Variant ('b', False)>, 'UUIDs': <dbus_fast.signature.Variant ('as', ['0000fea6-0000-1000-8000-00805f9b34fb'])>, 'Adapter': <dbus_fast.signature.Variant ('o', /org/bluez/hci0)>, 'ManufacturerData': <dbus_fast.signature.Variant ('a{qv}', {754: <dbus_fast.signature.Variant ('ay', b'\x02\x03 ?\x00\xd7\x9dq\x1eT\xd6\x0f')>})>, 'ServicesResolved': <dbus_fast.signature.Variant ('b', False)>}, 'org.freedesktop.DBus.Properties': {}}]
   MainThread:23:11:36.040 manager.py                                970 DEBUG    | received D-Bus signal: org.freedesktop.DBus.ObjectManager.InterfacesAdded (/): ['/org/bluez/hci0/dev_C3_CD_44_8D_28_CD', {'org.freedesktop.DBus.Introspectable': {}, 'org.bluez.Device1': {'Address': <dbus_fast.signature.Variant ('s', C3:CD:44:8D:28:CD)>, 'AddressType': <dbus_fast.signature.Variant ('s', random)>, 'Name': <dbus_fast.signature.Variant ('s', GoPro 0814)>, 'Alias': <dbus_fast.signature.Variant ('s', GoPro 0814)>, 'Paired': <dbus_fast.signature.Variant ('b', False)>, 'Bonded': <dbus_fast.signature.Variant ('b', False)>, 'Trusted': <dbus_fast.signature.Variant ('b', False)>, 'Blocked': <dbus_fast.signature.Variant ('b', False)>, 'LegacyPairing': <dbus_fast.signature.Variant ('b', False)>, 'RSSI': <dbus_fast.signature.Variant ('n', -54)>, 'Connected': <dbus_fast.signature.Variant ('b', False)>, 'UUIDs': <dbus_fast.signature.Variant ('as', ['0000fea6-0000-1000-8000-00805f9b34fb'])>, 'Adapter': <dbus_fast.signature.Variant ('o', /org/bluez/hci0)>, 'ManufacturerData': <dbus_fast.signature.Variant ('a{qv}', {754: <dbus_fast.signature.Variant ('ay', b'\x03\x00@\xe3\x00\x00\x00\x00\x0042\x0f')>})>, 'ServiceData': <dbus_fast.signature.Variant ('a{sv}', {'0000fea6-0000-1000-8000-00805f9b34fb': <dbus_fast.signature.Variant ('ay', b'G\x9a\x8f\xcf24650814')>})>, 'ServicesResolved': <dbus_fast.signature.Variant ('b', False)>}, 'org.freedesktop.DBus.Properties': {}}]
   MainThread:23:11:36.040 bleak_wrapper.py                          140 INFO     | 	Discovered: C3:CD:44:8D:28:CD: GoPro 0814
   MainThread:23:11:36.053 manager.py                                970 DEBUG    | received D-Bus signal: org.freedesktop.DBus.Properties.PropertiesChanged (/org/bluez/hci0/dev_C3_CD_44_8D_28_CD): ['org.bluez.Device1', {}, ['RSSI']]
   MainThread:23:11:36.053 manager.py                                970 DEBUG    | received D-Bus signal: org.freedesktop.DBus.Properties.PropertiesChanged (/org/bluez/hci0/dev_D6_54_1E_71_9D_D7): ['org.bluez.Device1', {}, ['RSSI']]
   MainThread:23:11:36.053 manager.py                                970 DEBUG    | received D-Bus signal: org.freedesktop.DBus.Properties.PropertiesChanged (/org/bluez/hci0): ['org.bluez.Adapter1', {'Discovering': <dbus_fast.signature.Variant ('b', False)>}, []]
   MainThread:23:11:36.056 bleak_wrapper.py                          155 INFO     | Found 1 matching devices.
   MainThread:23:11:36.061 client.py                                 108 INFO     | Establishing the BLE connection
   MainThread:23:11:36.066 bleak_wrapper.py                          222 INFO     | Establishing BLE connection to C3:CD:44:8D:28:CD: GoPro 0814...
   MainThread:23:11:36.075 client.py                                 116 DEBUG    | Connecting to device @ C3:CD:44:8D:28:CD
   MainThread:23:11:36.089 client.py                                 245 DEBUG    | Connecting to BlueZ path /org/bluez/hci0/dev_C3_CD_44_8D_28_CD
   MainThread:23:11:36.347 manager.py                                970 DEBUG    | received D-Bus signal: org.freedesktop.DBus.Properties.PropertiesChanged (/org/bluez/hci0/dev_C3_CD_44_8D_28_CD): ['org.bluez.Device1', {'Connected': <dbus_fast.signature.Variant ('b', True)>}, []]
   MainThread:23:11:36.485 cohn_feature.py                           116 DEBUG    | Waiting for BLE connection before starting COHN status tracking
   MainThread:23:11:36.663 client.py                                 280 DEBUG    | retry due to le-connection-abort-by-local
   MainThread:23:11:36.678 manager.py                                970 DEBUG    | received D-Bus signal: org.freedesktop.DBus.Properties.PropertiesChanged (/org/bluez/hci0/dev_C3_CD_44_8D_28_CD): ['org.bluez.Device1', {'Connected': <dbus_fast.signature.Variant ('b', False)>}, []]
   MainThread:23:11:36.679 client.py                                 163 DEBUG    | Device disconnected (/org/bluez/hci0/dev_C3_CD_44_8D_28_CD)
   MainThread:23:11:36.679 client.py                                 360 DEBUG    | _cleanup_all(/org/bluez/hci0/dev_C3_CD_44_8D_28_CD)
   MainThread:23:11:36.680 client.py                                 360 DEBUG    | _cleanup_all(/org/bluez/hci0/dev_C3_CD_44_8D_28_CD)
   MainThread:23:11:36.680 client.py                                 367 DEBUG    | already disconnected (/org/bluez/hci0/dev_C3_CD_44_8D_28_CD)
   MainThread:23:11:36.683 bleak_wrapper.py                          253 WARNING  | Connection failed during establishment..
   MainThread:23:11:36.694 client.py                                 114 WARNING  | Failed to connect. Retrying #1
   MainThread:23:11:36.705 bleak_wrapper.py                          222 INFO     | Establishing BLE connection to C3:CD:44:8D:28:CD: GoPro 0814...
   MainThread:23:11:36.715 client.py                                 116 DEBUG    | Connecting to device @ C3:CD:44:8D:28:CD
   MainThread:23:11:36.722 client.py                                 245 DEBUG    | Connecting to BlueZ path /org/bluez/hci0/dev_C3_CD_44_8D_28_CD
   MainThread:23:11:37.424 manager.py                                970 DEBUG    | received D-Bus signal: org.freedesktop.DBus.Properties.PropertiesChanged (/org/bluez/hci0/dev_C3_CD_44_8D_28_CD): ['org.bluez.Device1', {'Connected': <dbus_fast.signature.Variant ('b', True)>}, []]
   MainThread:23:11:37.487 cohn_feature.py                           116 DEBUG    | Waiting for BLE connection before starting COHN status tracking
   MainThread:23:11:37.742 client.py                                 280 DEBUG    | retry due to le-connection-abort-by-local
   MainThread:23:11:37.760 manager.py                                970 DEBUG    | received D-Bus signal: org.freedesktop.DBus.Properties.PropertiesChanged (/org/bluez/hci0/dev_C3_CD_44_8D_28_CD): ['org.bluez.Device1', {'Connected': <dbus_fast.signature.Variant ('b', False)>}, []]
   MainThread:23:11:37.762 client.py                                 163 DEBUG    | Device disconnected (/org/bluez/hci0/dev_C3_CD_44_8D_28_CD)
   MainThread:23:11:37.762 client.py                                 360 DEBUG    | _cleanup_all(/org/bluez/hci0/dev_C3_CD_44_8D_28_CD)
   MainThread:23:11:37.763 client.py                                 360 DEBUG    | _cleanup_all(/org/bluez/hci0/dev_C3_CD_44_8D_28_CD)
   MainThread:23:11:37.763 client.py                                 367 DEBUG    | already disconnected (/org/bluez/hci0/dev_C3_CD_44_8D_28_CD)
   MainThread:23:11:37.767 bleak_wrapper.py                          253 WARNING  | Connection failed during establishment..
   MainThread:23:11:37.777 client.py                                 114 WARNING  | Failed to connect. Retrying #2
   MainThread:23:11:37.786 bleak_wrapper.py                          222 INFO     | Establishing BLE connection to C3:CD:44:8D:28:CD: GoPro 0814...
   MainThread:23:11:37.796 client.py                                 116 DEBUG    | Connecting to device @ C3:CD:44:8D:28:CD
   MainThread:23:11:37.802 client.py                                 245 DEBUG    | Connecting to BlueZ path /org/bluez/hci0/dev_C3_CD_44_8D_28_CD
   MainThread:23:11:38.205 manager.py                                970 DEBUG    | received D-Bus signal: org.freedesktop.DBus.Properties.PropertiesChanged (/org/bluez/hci0/dev_C3_CD_44_8D_28_CD): ['org.bluez.Device1', {'Connected': <dbus_fast.signature.Variant ('b', True)>}, []]
   MainThread:23:11:38.488 cohn_feature.py                           116 DEBUG    | Waiting for BLE connection before starting COHN status tracking
   MainThread:23:11:38.524 client.py                                 280 DEBUG    | retry due to le-connection-abort-by-local
   MainThread:23:11:38.536 manager.py                                970 DEBUG    | received D-Bus signal: org.freedesktop.DBus.Properties.PropertiesChanged (/org/bluez/hci0/dev_C3_CD_44_8D_28_CD): ['org.bluez.Device1', {'Connected': <dbus_fast.signature.Variant ('b', False)>}, []]
   MainThread:23:11:38.537 client.py                                 163 DEBUG    | Device disconnected (/org/bluez/hci0/dev_C3_CD_44_8D_28_CD)
   MainThread:23:11:38.538 client.py                                 360 DEBUG    | _cleanup_all(/org/bluez/hci0/dev_C3_CD_44_8D_28_CD)
   MainThread:23:11:38.538 client.py                                 360 DEBUG    | _cleanup_all(/org/bluez/hci0/dev_C3_CD_44_8D_28_CD)
   MainThread:23:11:38.538 client.py                                 367 DEBUG    | already disconnected (/org/bluez/hci0/dev_C3_CD_44_8D_28_CD)
   MainThread:23:11:38.540 bleak_wrapper.py                          253 WARNING  | Connection failed during establishment..
   MainThread:23:11:38.553 client.py                                 114 WARNING  | Failed to connect. Retrying #3
   MainThread:23:11:38.563 bleak_wrapper.py                          222 INFO     | Establishing BLE connection to C3:CD:44:8D:28:CD: GoPro 0814...
   MainThread:23:11:38.571 client.py                                 116 DEBUG    | Connecting to device @ C3:CD:44:8D:28:CD
   MainThread:23:11:38.578 client.py                                 245 DEBUG    | Connecting to BlueZ path /org/bluez/hci0/dev_C3_CD_44_8D_28_CD
   MainThread:23:11:38.980 manager.py                                970 DEBUG    | received D-Bus signal: org.freedesktop.DBus.Properties.PropertiesChanged (/org/bluez/hci0/dev_C3_CD_44_8D_28_CD): ['org.bluez.Device1', {'Connected': <dbus_fast.signature.Variant ('b', True)>}, []]
   MainThread:23:11:39.282 client.py                                 280 DEBUG    | retry due to le-connection-abort-by-local
   MainThread:23:11:39.296 manager.py                                970 DEBUG    | received D-Bus signal: org.freedesktop.DBus.Properties.PropertiesChanged (/org/bluez/hci0/dev_C3_CD_44_8D_28_CD): ['org.bluez.Device1', {'Connected': <dbus_fast.signature.Variant ('b', False)>}, []]
   MainThread:23:11:39.297 client.py                                 163 DEBUG    | Device disconnected (/org/bluez/hci0/dev_C3_CD_44_8D_28_CD)
   MainThread:23:11:39.297 client.py                                 360 DEBUG    | _cleanup_all(/org/bluez/hci0/dev_C3_CD_44_8D_28_CD)
   MainThread:23:11:39.298 client.py                                 360 DEBUG    | _cleanup_all(/org/bluez/hci0/dev_C3_CD_44_8D_28_CD)
   MainThread:23:11:39.298 client.py                                 367 DEBUG    | already disconnected (/org/bluez/hci0/dev_C3_CD_44_8D_28_CD)
   MainThread:23:11:39.302 bleak_wrapper.py                          253 WARNING  | Connection failed during establishment..
   MainThread:23:11:39.312 client.py                                 114 WARNING  | Failed to connect. Retrying #4
   MainThread:23:11:39.323 gopro_wireless.py                         448 ERROR    | Error while opening: ConnectFailed('BLE connection failed to establish after 5 retries with timeout 15')
   MainThread:23:11:39.333 cohn_feature.py                            81 DEBUG    | Closing COHN
   MainThread:23:11:39.334 cohn_feature.py                            89 DEBUG    | COHN closed
   MainThread:23:11:39.334 gopro_wireless.py                         396 INFO     | Opening BLE connection...
   MainThread:23:11:39.339 bleak_wrapper.py                          127 INFO     | Scanning for GoPro [A-Z0-9]{4} bluetooth devices...
   MainThread:23:11:39.360 manager.py                                970 DEBUG    | received D-Bus signal: org.freedesktop.DBus.Properties.PropertiesChanged (/org/bluez/hci0): ['org.bluez.Adapter1', {'Discovering': <dbus_fast.signature.Variant ('b', True)>}, []]
   MainThread:23:11:39.618 manager.py                                970 DEBUG    | received D-Bus signal: org.freedesktop.DBus.Properties.PropertiesChanged (/org/bluez/hci0/dev_D6_54_1E_71_9D_D7): ['org.bluez.Device1', {'RSSI': <dbus_fast.signature.Variant ('n', -44)>}, []]
   MainThread:23:11:39.907 manager.py                                970 DEBUG    | received D-Bus signal: org.freedesktop.DBus.Properties.PropertiesChanged (/org/bluez/hci0/dev_C3_CD_44_8D_28_CD): ['org.bluez.Device1', {'RSSI': <dbus_fast.signature.Variant ('n', -63)>}, []]
   MainThread:23:11:39.908 bleak_wrapper.py                          140 INFO     | 	Discovered: C3:CD:44:8D:28:CD: GoPro 0814
   MainThread:23:11:39.932 manager.py                                970 DEBUG    | received D-Bus signal: org.freedesktop.DBus.Properties.PropertiesChanged (/org/bluez/hci0/dev_C3_CD_44_8D_28_CD): ['org.bluez.Device1', {}, ['RSSI']]
   MainThread:23:11:39.933 manager.py                                970 DEBUG    | received D-Bus signal: org.freedesktop.DBus.Properties.PropertiesChanged (/org/bluez/hci0/dev_D6_54_1E_71_9D_D7): ['org.bluez.Device1', {}, ['RSSI']]
   MainThread:23:11:39.933 manager.py                                970 DEBUG    | received D-Bus signal: org.freedesktop.DBus.Properties.PropertiesChanged (/org/bluez/hci0): ['org.bluez.Adapter1', {'Discovering': <dbus_fast.signature.Variant ('b', False)>}, []]
   MainThread:23:11:39.935 bleak_wrapper.py                          155 INFO     | Found 1 matching devices.
   MainThread:23:11:39.947 client.py                                 108 INFO     | Establishing the BLE connection
   MainThread:23:11:39.958 bleak_wrapper.py                          222 INFO     | Establishing BLE connection to C3:CD:44:8D:28:CD: GoPro 0814...
   MainThread:23:11:39.965 client.py                                 116 DEBUG    | Connecting to device @ C3:CD:44:8D:28:CD
   MainThread:23:11:39.970 client.py                                 245 DEBUG    | Connecting to BlueZ path /org/bluez/hci0/dev_C3_CD_44_8D_28_CD
   MainThread:23:11:40.835 manager.py                                970 DEBUG    | received D-Bus signal: org.freedesktop.DBus.Properties.PropertiesChanged (/org/bluez/hci0/dev_C3_CD_44_8D_28_CD): ['org.bluez.Device1', {'Connected': <dbus_fast.signature.Variant ('b', True)>}, []]
   MainThread:23:11:41.174 client.py                                 280 DEBUG    | retry due to le-connection-abort-by-local
   MainThread:23:11:41.191 manager.py                                970 DEBUG    | received D-Bus signal: org.freedesktop.DBus.Properties.PropertiesChanged (/org/bluez/hci0/dev_C3_CD_44_8D_28_CD): ['org.bluez.Device1', {'Connected': <dbus_fast.signature.Variant ('b', False)>}, []]
   MainThread:23:11:41.191 client.py                                 163 DEBUG    | Device disconnected (/org/bluez/hci0/dev_C3_CD_44_8D_28_CD)
   MainThread:23:11:41.192 client.py                                 360 DEBUG    | _cleanup_all(/org/bluez/hci0/dev_C3_CD_44_8D_28_CD)
   MainThread:23:11:41.192 client.py                                 360 DEBUG    | _cleanup_all(/org/bluez/hci0/dev_C3_CD_44_8D_28_CD)
   MainThread:23:11:41.193 client.py                                 367 DEBUG    | already disconnected (/org/bluez/hci0/dev_C3_CD_44_8D_28_CD)
   MainThread:23:11:41.196 bleak_wrapper.py                          253 WARNING  | Connection failed during establishment..
   MainThread:23:11:41.208 client.py                                 114 WARNING  | Failed to connect. Retrying #1
   MainThread:23:11:41.230 bleak_wrapper.py                          222 INFO     | Establishing BLE connection to C3:CD:44:8D:28:CD: GoPro 0814...
   MainThread:23:11:41.237 client.py                                 116 DEBUG    | Connecting to device @ C3:CD:44:8D:28:CD
   MainThread:23:11:41.243 client.py                                 245 DEBUG    | Connecting to BlueZ path /org/bluez/hci0/dev_C3_CD_44_8D_28_CD
   MainThread:23:11:41.759 manager.py                                970 DEBUG    | received D-Bus signal: org.freedesktop.DBus.Properties.PropertiesChanged (/org/bluez/hci0/dev_C3_CD_44_8D_28_CD): ['org.bluez.Device1', {'Connected': <dbus_fast.signature.Variant ('b', True)>}, []]
   MainThread:23:11:42.096 client.py                                 280 DEBUG    | retry due to le-connection-abort-by-local
   MainThread:23:11:42.112 manager.py                                970 DEBUG    | received D-Bus signal: org.freedesktop.DBus.Properties.PropertiesChanged (/org/bluez/hci0/dev_C3_CD_44_8D_28_CD): ['org.bluez.Device1', {'Connected': <dbus_fast.signature.Variant ('b', False)>}, []]
   MainThread:23:11:42.112 client.py                                 163 DEBUG    | Device disconnected (/org/bluez/hci0/dev_C3_CD_44_8D_28_CD)
   MainThread:23:11:42.113 client.py                                 360 DEBUG    | _cleanup_all(/org/bluez/hci0/dev_C3_CD_44_8D_28_CD)
   MainThread:23:11:42.113 client.py                                 360 DEBUG    | _cleanup_all(/org/bluez/hci0/dev_C3_CD_44_8D_28_CD)
   MainThread:23:11:42.114 client.py                                 367 DEBUG    | already disconnected (/org/bluez/hci0/dev_C3_CD_44_8D_28_CD)
   MainThread:23:11:42.117 bleak_wrapper.py                          253 WARNING  | Connection failed during establishment..
   MainThread:23:11:42.128 client.py                                 114 WARNING  | Failed to connect. Retrying #2
   MainThread:23:11:42.138 bleak_wrapper.py                          222 INFO     | Establishing BLE connection to C3:CD:44:8D:28:CD: GoPro 0814...
   MainThread:23:11:42.147 client.py                                 116 DEBUG    | Connecting to device @ C3:CD:44:8D:28:CD
   MainThread:23:11:42.153 client.py                                 245 DEBUG    | Connecting to BlueZ path /org/bluez/hci0/dev_C3_CD_44_8D_28_CD
   MainThread:23:11:42.374 manager.py                                970 DEBUG    | received D-Bus signal: org.freedesktop.DBus.Properties.PropertiesChanged (/org/bluez/hci0/dev_C3_CD_44_8D_28_CD): ['org.bluez.Device1', {'Connected': <dbus_fast.signature.Variant ('b', True)>}, []]
   MainThread:23:11:42.700 client.py                                 280 DEBUG    | retry due to le-connection-abort-by-local
   MainThread:23:11:42.718 manager.py                                970 DEBUG    | received D-Bus signal: org.freedesktop.DBus.Properties.PropertiesChanged (/org/bluez/hci0/dev_C3_CD_44_8D_28_CD): ['org.bluez.Device1', {'Connected': <dbus_fast.signature.Variant ('b', False)>}, []]
   MainThread:23:11:42.718 client.py                                 163 DEBUG    | Device disconnected (/org/bluez/hci0/dev_C3_CD_44_8D_28_CD)
   MainThread:23:11:42.719 client.py                                 360 DEBUG    | _cleanup_all(/org/bluez/hci0/dev_C3_CD_44_8D_28_CD)
   MainThread:23:11:42.719 client.py                                 360 DEBUG    | _cleanup_all(/org/bluez/hci0/dev_C3_CD_44_8D_28_CD)
   MainThread:23:11:42.720 client.py                                 367 DEBUG    | already disconnected (/org/bluez/hci0/dev_C3_CD_44_8D_28_CD)
   MainThread:23:11:42.726 bleak_wrapper.py                          253 WARNING  | Connection failed during establishment..
   MainThread:23:11:42.737 client.py                                 114 WARNING  | Failed to connect. Retrying #3
   MainThread:23:11:42.744 bleak_wrapper.py                          222 INFO     | Establishing BLE connection to C3:CD:44:8D:28:CD: GoPro 0814...
   MainThread:23:11:42.750 client.py                                 116 DEBUG    | Connecting to device @ C3:CD:44:8D:28:CD
   MainThread:23:11:42.756 client.py                                 245 DEBUG    | Connecting to BlueZ path /org/bluez/hci0/dev_C3_CD_44_8D_28_CD
   MainThread:23:11:44.839 manager.py                                970 DEBUG    | received D-Bus signal: org.freedesktop.DBus.Properties.PropertiesChanged (/org/bluez/hci0/dev_C3_CD_44_8D_28_CD): ['org.bluez.Device1', {'Connected': <dbus_fast.signature.Variant ('b', True)>}, []]
   MainThread:23:11:45.173 client.py                                 280 DEBUG    | retry due to le-connection-abort-by-local
   MainThread:23:11:45.190 manager.py                                970 DEBUG    | received D-Bus signal: org.freedesktop.DBus.Properties.PropertiesChanged (/org/bluez/hci0/dev_C3_CD_44_8D_28_CD): ['org.bluez.Device1', {'Connected': <dbus_fast.signature.Variant ('b', False)>}, []]
   MainThread:23:11:45.191 client.py                                 163 DEBUG    | Device disconnected (/org/bluez/hci0/dev_C3_CD_44_8D_28_CD)
   MainThread:23:11:45.191 client.py                                 360 DEBUG    | _cleanup_all(/org/bluez/hci0/dev_C3_CD_44_8D_28_CD)
   MainThread:23:11:45.192 client.py                                 360 DEBUG    | _cleanup_all(/org/bluez/hci0/dev_C3_CD_44_8D_28_CD)
   MainThread:23:11:45.192 client.py                                 367 DEBUG    | already disconnected (/org/bluez/hci0/dev_C3_CD_44_8D_28_CD)
   MainThread:23:11:45.196 bleak_wrapper.py                          253 WARNING  | Connection failed during establishment..
   MainThread:23:11:45.206 client.py                                 114 WARNING  | Failed to connect. Retrying #4
   MainThread:23:11:45.216 gopro_wireless.py                         448 ERROR    | Error while opening: ConnectFailed('BLE connection failed to establish after 5 retries with timeout 15')
   MainThread:23:11:45.226 gopro_wireless.py                         396 INFO     | Opening BLE connection...
   MainThread:23:11:45.233 bleak_wrapper.py                          127 INFO     | Scanning for GoPro [A-Z0-9]{4} bluetooth devices...
   MainThread:23:11:45.254 manager.py                                970 DEBUG    | received D-Bus signal: org.freedesktop.DBus.Properties.PropertiesChanged (/org/bluez/hci0): ['org.bluez.Adapter1', {'Discovering': <dbus_fast.signature.Variant ('b', True)>}, []]
   MainThread:23:11:45.332 manager.py                                970 DEBUG    | received D-Bus signal: org.freedesktop.DBus.Properties.PropertiesChanged (/org/bluez/hci0/dev_D6_54_1E_71_9D_D7): ['org.bluez.Device1', {'RSSI': <dbus_fast.signature.Variant ('n', -41)>}, []]
   MainThread:23:11:45.456 manager.py                                970 DEBUG    | received D-Bus signal: org.freedesktop.DBus.Properties.PropertiesChanged (/org/bluez/hci0/dev_C3_CD_44_8D_28_CD): ['org.bluez.Device1', {'RSSI': <dbus_fast.signature.Variant ('n', -63)>}, []]
   MainThread:23:11:45.457 bleak_wrapper.py                          140 INFO     | 	Discovered: C3:CD:44:8D:28:CD: GoPro 0814
   MainThread:23:11:45.478 manager.py                                970 DEBUG    | received D-Bus signal: org.freedesktop.DBus.Properties.PropertiesChanged (/org/bluez/hci0/dev_C3_CD_44_8D_28_CD): ['org.bluez.Device1', {}, ['RSSI']]
   MainThread:23:11:45.479 manager.py                                970 DEBUG    | received D-Bus signal: org.freedesktop.DBus.Properties.PropertiesChanged (/org/bluez/hci0/dev_D6_54_1E_71_9D_D7): ['org.bluez.Device1', {}, ['RSSI']]
   MainThread:23:11:45.479 manager.py                                970 DEBUG    | received D-Bus signal: org.freedesktop.DBus.Properties.PropertiesChanged (/org/bluez/hci0): ['org.bluez.Adapter1', {'Discovering': <dbus_fast.signature.Variant ('b', False)>}, []]
   MainThread:23:11:45.482 bleak_wrapper.py                          155 INFO     | Found 1 matching devices.
   MainThread:23:11:45.491 client.py                                 108 INFO     | Establishing the BLE connection
   MainThread:23:11:45.502 bleak_wrapper.py                          222 INFO     | Establishing BLE connection to C3:CD:44:8D:28:CD: GoPro 0814...
   MainThread:23:11:45.511 client.py                                 116 DEBUG    | Connecting to device @ C3:CD:44:8D:28:CD
   MainThread:23:11:45.515 client.py                                 245 DEBUG    | Connecting to BlueZ path /org/bluez/hci0/dev_C3_CD_44_8D_28_CD
   MainThread:23:11:46.539 manager.py                                970 DEBUG    | received D-Bus signal: org.freedesktop.DBus.Properties.PropertiesChanged (/org/bluez/hci0/dev_C3_CD_44_8D_28_CD): ['org.bluez.Device1', {'Connected': <dbus_fast.signature.Variant ('b', True)>}, []]
   MainThread:23:11:46.847 client.py                                 280 DEBUG    | retry due to le-connection-abort-by-local
   MainThread:23:11:46.860 manager.py                                970 DEBUG    | received D-Bus signal: org.freedesktop.DBus.Properties.PropertiesChanged (/org/bluez/hci0/dev_C3_CD_44_8D_28_CD): ['org.bluez.Device1', {'Connected': <dbus_fast.signature.Variant ('b', False)>}, []]
   MainThread:23:11:46.860 client.py                                 163 DEBUG    | Device disconnected (/org/bluez/hci0/dev_C3_CD_44_8D_28_CD)
   MainThread:23:11:46.861 client.py                                 360 DEBUG    | _cleanup_all(/org/bluez/hci0/dev_C3_CD_44_8D_28_CD)
   MainThread:23:11:46.862 client.py                                 360 DEBUG    | _cleanup_all(/org/bluez/hci0/dev_C3_CD_44_8D_28_CD)
   MainThread:23:11:46.862 client.py                                 367 DEBUG    | already disconnected (/org/bluez/hci0/dev_C3_CD_44_8D_28_CD)
   MainThread:23:11:46.866 bleak_wrapper.py                          253 WARNING  | Connection failed during establishment..
   MainThread:23:11:46.876 client.py                                 114 WARNING  | Failed to connect. Retrying #1
   MainThread:23:11:46.887 bleak_wrapper.py                          222 INFO     | Establishing BLE connection to C3:CD:44:8D:28:CD: GoPro 0814...
   MainThread:23:11:46.898 client.py                                 116 DEBUG    | Connecting to device @ C3:CD:44:8D:28:CD
   MainThread:23:11:46.904 client.py                                 245 DEBUG    | Connecting to BlueZ path /org/bluez/hci0/dev_C3_CD_44_8D_28_CD
   MainThread:23:11:48.231 manager.py                                970 DEBUG    | received D-Bus signal: org.freedesktop.DBus.Properties.PropertiesChanged (/org/bluez/hci0/dev_C3_CD_44_8D_28_CD): ['org.bluez.Device1', {'Connected': <dbus_fast.signature.Variant ('b', True)>}, []]
   MainThread:23:11:48.532 client.py                                 280 DEBUG    | retry due to le-connection-abort-by-local
   MainThread:23:11:48.546 manager.py                                970 DEBUG    | received D-Bus signal: org.freedesktop.DBus.Properties.PropertiesChanged (/org/bluez/hci0/dev_C3_CD_44_8D_28_CD): ['org.bluez.Device1', {'Connected': <dbus_fast.signature.Variant ('b', False)>}, []]
   MainThread:23:11:48.546 client.py                                 163 DEBUG    | Device disconnected (/org/bluez/hci0/dev_C3_CD_44_8D_28_CD)
   MainThread:23:11:48.547 client.py                                 360 DEBUG    | _cleanup_all(/org/bluez/hci0/dev_C3_CD_44_8D_28_CD)
   MainThread:23:11:48.547 client.py                                 360 DEBUG    | _cleanup_all(/org/bluez/hci0/dev_C3_CD_44_8D_28_CD)
   MainThread:23:11:48.548 client.py                                 367 DEBUG    | already disconnected (/org/bluez/hci0/dev_C3_CD_44_8D_28_CD)
   MainThread:23:11:48.551 bleak_wrapper.py                          253 WARNING  | Connection failed during establishment..
   MainThread:23:11:48.564 client.py                                 114 WARNING  | Failed to connect. Retrying #2
   MainThread:23:11:48.573 bleak_wrapper.py                          222 INFO     | Establishing BLE connection to C3:CD:44:8D:28:CD: GoPro 0814...
   MainThread:23:11:48.584 client.py                                 116 DEBUG    | Connecting to device @ C3:CD:44:8D:28:CD
   MainThread:23:11:48.592 client.py                                 245 DEBUG    | Connecting to BlueZ path /org/bluez/hci0/dev_C3_CD_44_8D_28_CD
   MainThread:23:11:49.461 manager.py                                970 DEBUG    | received D-Bus signal: org.freedesktop.DBus.Properties.PropertiesChanged (/org/bluez/hci0/dev_C3_CD_44_8D_28_CD): ['org.bluez.Device1', {'Connected': <dbus_fast.signature.Variant ('b', True)>}, []]
   MainThread:23:11:49.770 client.py                                 280 DEBUG    | retry due to le-connection-abort-by-local
   MainThread:23:11:49.784 manager.py                                970 DEBUG    | received D-Bus signal: org.freedesktop.DBus.Properties.PropertiesChanged (/org/bluez/hci0/dev_C3_CD_44_8D_28_CD): ['org.bluez.Device1', {'Connected': <dbus_fast.signature.Variant ('b', False)>}, []]
   MainThread:23:11:49.784 client.py                                 163 DEBUG    | Device disconnected (/org/bluez/hci0/dev_C3_CD_44_8D_28_CD)
   MainThread:23:11:49.784 client.py                                 360 DEBUG    | _cleanup_all(/org/bluez/hci0/dev_C3_CD_44_8D_28_CD)
   MainThread:23:11:49.785 client.py                                 360 DEBUG    | _cleanup_all(/org/bluez/hci0/dev_C3_CD_44_8D_28_CD)
   MainThread:23:11:49.785 client.py                                 367 DEBUG    | already disconnected (/org/bluez/hci0/dev_C3_CD_44_8D_28_CD)
   MainThread:23:11:49.789 bleak_wrapper.py                          253 WARNING  | Connection failed during establishment..
   MainThread:23:11:49.800 client.py                                 114 WARNING  | Failed to connect. Retrying #3
   MainThread:23:11:49.811 bleak_wrapper.py                          222 INFO     | Establishing BLE connection to C3:CD:44:8D:28:CD: GoPro 0814...
   MainThread:23:11:49.822 client.py                                 116 DEBUG    | Connecting to device @ C3:CD:44:8D:28:CD
   MainThread:23:11:49.828 client.py                                 245 DEBUG    | Connecting to BlueZ path /org/bluez/hci0/dev_C3_CD_44_8D_28_CD
   MainThread:23:11:50.235 manager.py                                970 DEBUG    | received D-Bus signal: org.freedesktop.DBus.Properties.PropertiesChanged (/org/bluez/hci0/dev_C3_CD_44_8D_28_CD): ['org.bluez.Device1', {'Connected': <dbus_fast.signature.Variant ('b', True)>}, []]
   MainThread:23:11:50.572 client.py                                 280 DEBUG    | retry due to le-connection-abort-by-local
   MainThread:23:11:50.586 manager.py                                970 DEBUG    | received D-Bus signal: org.freedesktop.DBus.Properties.PropertiesChanged (/org/bluez/hci0/dev_C3_CD_44_8D_28_CD): ['org.bluez.Device1', {'Connected': <dbus_fast.signature.Variant ('b', False)>}, []]
   MainThread:23:11:50.586 client.py                                 163 DEBUG    | Device disconnected (/org/bluez/hci0/dev_C3_CD_44_8D_28_CD)
   MainThread:23:11:50.587 client.py                                 360 DEBUG    | _cleanup_all(/org/bluez/hci0/dev_C3_CD_44_8D_28_CD)
   MainThread:23:11:50.587 client.py                                 360 DEBUG    | _cleanup_all(/org/bluez/hci0/dev_C3_CD_44_8D_28_CD)
   MainThread:23:11:50.588 client.py                                 367 DEBUG    | already disconnected (/org/bluez/hci0/dev_C3_CD_44_8D_28_CD)
   MainThread:23:11:50.591 bleak_wrapper.py                          253 WARNING  | Connection failed during establishment..
   MainThread:23:11:50.601 client.py                                 114 WARNING  | Failed to connect. Retrying #4
   MainThread:23:11:50.612 gopro_wireless.py                         448 ERROR    | Error while opening: ConnectFailed('BLE connection failed to establish after 5 retries with timeout 15')
   MainThread:23:11:50.622 gopro_wireless.py                         396 INFO     | Opening BLE connection...
   MainThread:23:11:50.628 bleak_wrapper.py                          127 INFO     | Scanning for GoPro [A-Z0-9]{4} bluetooth devices...
   MainThread:23:11:50.646 manager.py                                970 DEBUG    | received D-Bus signal: org.freedesktop.DBus.Properties.PropertiesChanged (/org/bluez/hci0): ['org.bluez.Adapter1', {'Discovering': <dbus_fast.signature.Variant ('b', True)>}, []]
   MainThread:23:11:50.857 manager.py                                970 DEBUG    | received D-Bus signal: org.freedesktop.DBus.Properties.PropertiesChanged (/org/bluez/hci0/dev_D6_54_1E_71_9D_D7): ['org.bluez.Device1', {'RSSI': <dbus_fast.signature.Variant ('n', -43)>}, []]
   MainThread:23:11:51.066 manager.py                                970 DEBUG    | received D-Bus signal: org.freedesktop.DBus.Properties.PropertiesChanged (/org/bluez/hci0/dev_D6_54_1E_71_9D_D7): ['org.bluez.Device1', {'RSSI': <dbus_fast.signature.Variant ('n', -44)>}, []]
   MainThread:23:11:51.473 manager.py                                970 DEBUG    | received D-Bus signal: org.freedesktop.DBus.Properties.PropertiesChanged (/org/bluez/hci0/dev_C3_CD_44_8D_28_CD): ['org.bluez.Device1', {'RSSI': <dbus_fast.signature.Variant ('n', -54)>}, []]
   MainThread:23:11:51.474 bleak_wrapper.py                          140 INFO     | 	Discovered: C3:CD:44:8D:28:CD: GoPro 0814
   MainThread:23:11:51.488 manager.py                                970 DEBUG    | received D-Bus signal: org.freedesktop.DBus.Properties.PropertiesChanged (/org/bluez/hci0/dev_D6_54_1E_71_9D_D7): ['org.bluez.Device1', {'RSSI': <dbus_fast.signature.Variant ('n', -44)>}, []]
   MainThread:23:11:51.494 manager.py                                970 DEBUG    | received D-Bus signal: org.freedesktop.DBus.Properties.PropertiesChanged (/org/bluez/hci0/dev_C3_CD_44_8D_28_CD): ['org.bluez.Device1', {}, ['RSSI']]
   MainThread:23:11:51.495 manager.py                                970 DEBUG    | received D-Bus signal: org.freedesktop.DBus.Properties.PropertiesChanged (/org/bluez/hci0/dev_D6_54_1E_71_9D_D7): ['org.bluez.Device1', {}, ['RSSI']]
   MainThread:23:11:51.496 manager.py                                970 DEBUG    | received D-Bus signal: org.freedesktop.DBus.Properties.PropertiesChanged (/org/bluez/hci0): ['org.bluez.Adapter1', {'Discovering': <dbus_fast.signature.Variant ('b', False)>}, []]
   MainThread:23:11:51.499 bleak_wrapper.py                          155 INFO     | Found 1 matching devices.
   MainThread:23:11:51.509 client.py                                 108 INFO     | Establishing the BLE connection
   MainThread:23:11:51.521 bleak_wrapper.py                          222 INFO     | Establishing BLE connection to C3:CD:44:8D:28:CD: GoPro 0814...
   MainThread:23:11:51.531 client.py                                 116 DEBUG    | Connecting to device @ C3:CD:44:8D:28:CD
   MainThread:23:11:51.537 client.py                                 245 DEBUG    | Connecting to BlueZ path /org/bluez/hci0/dev_C3_CD_44_8D_28_CD
   MainThread:23:11:51.781 manager.py                                970 DEBUG    | received D-Bus signal: org.freedesktop.DBus.Properties.PropertiesChanged (/org/bluez/hci0/dev_C3_CD_44_8D_28_CD): ['org.bluez.Device1', {'Connected': <dbus_fast.signature.Variant ('b', True)>}, []]
   MainThread:23:11:52.077 client.py                                 280 DEBUG    | retry due to le-connection-abort-by-local
   MainThread:23:11:52.094 manager.py                                970 DEBUG    | received D-Bus signal: org.freedesktop.DBus.Properties.PropertiesChanged (/org/bluez/hci0/dev_C3_CD_44_8D_28_CD): ['org.bluez.Device1', {'Connected': <dbus_fast.signature.Variant ('b', False)>}, []]
   MainThread:23:11:52.094 client.py                                 163 DEBUG    | Device disconnected (/org/bluez/hci0/dev_C3_CD_44_8D_28_CD)
   MainThread:23:11:52.095 client.py                                 360 DEBUG    | _cleanup_all(/org/bluez/hci0/dev_C3_CD_44_8D_28_CD)
   MainThread:23:11:52.095 client.py                                 360 DEBUG    | _cleanup_all(/org/bluez/hci0/dev_C3_CD_44_8D_28_CD)
   MainThread:23:11:52.096 client.py                                 367 DEBUG    | already disconnected (/org/bluez/hci0/dev_C3_CD_44_8D_28_CD)
   MainThread:23:11:52.102 bleak_wrapper.py                          253 WARNING  | Connection failed during establishment..
   MainThread:23:11:52.113 client.py                                 114 WARNING  | Failed to connect. Retrying #1
   MainThread:23:11:52.119 bleak_wrapper.py                          222 INFO     | Establishing BLE connection to C3:CD:44:8D:28:CD: GoPro 0814...
   MainThread:23:11:52.125 client.py                                 116 DEBUG    | Connecting to device @ C3:CD:44:8D:28:CD
   MainThread:23:11:52.130 client.py                                 245 DEBUG    | Connecting to BlueZ path /org/bluez/hci0/dev_C3_CD_44_8D_28_CD
   MainThread:23:11:52.390 manager.py                                970 DEBUG    | received D-Bus signal: org.freedesktop.DBus.Properties.PropertiesChanged (/org/bluez/hci0/dev_C3_CD_44_8D_28_CD): ['org.bluez.Device1', {'Connected': <dbus_fast.signature.Variant ('b', True)>}, []]
   MainThread:23:11:52.710 client.py                                 280 DEBUG    | retry due to le-connection-abort-by-local
   MainThread:23:11:52.723 manager.py                                970 DEBUG    | received D-Bus signal: org.freedesktop.DBus.Properties.PropertiesChanged (/org/bluez/hci0/dev_C3_CD_44_8D_28_CD): ['org.bluez.Device1', {'Connected': <dbus_fast.signature.Variant ('b', False)>}, []]
   MainThread:23:11:52.723 client.py                                 163 DEBUG    | Device disconnected (/org/bluez/hci0/dev_C3_CD_44_8D_28_CD)
   MainThread:23:11:52.724 client.py                                 360 DEBUG    | _cleanup_all(/org/bluez/hci0/dev_C3_CD_44_8D_28_CD)
   MainThread:23:11:52.724 client.py                                 360 DEBUG    | _cleanup_all(/org/bluez/hci0/dev_C3_CD_44_8D_28_CD)
   MainThread:23:11:52.725 client.py                                 367 DEBUG    | already disconnected (/org/bluez/hci0/dev_C3_CD_44_8D_28_CD)
   MainThread:23:11:52.727 bleak_wrapper.py                          253 WARNING  | Connection failed during establishment..
   MainThread:23:11:52.739 client.py                                 114 WARNING  | Failed to connect. Retrying #2
   MainThread:23:11:52.750 bleak_wrapper.py                          222 INFO     | Establishing BLE connection to C3:CD:44:8D:28:CD: GoPro 0814...
   MainThread:23:11:52.762 client.py                                 116 DEBUG    | Connecting to device @ C3:CD:44:8D:28:CD
   MainThread:23:11:52.768 client.py                                 245 DEBUG    | Connecting to BlueZ path /org/bluez/hci0/dev_C3_CD_44_8D_28_CD
   MainThread:23:11:53.317 manager.py                                970 DEBUG    | received D-Bus signal: org.freedesktop.DBus.Properties.PropertiesChanged (/org/bluez/hci0/dev_C3_CD_44_8D_28_CD): ['org.bluez.Device1', {'Connected': <dbus_fast.signature.Variant ('b', True)>}, []]
   MainThread:23:11:53.611 client.py                                 280 DEBUG    | retry due to le-connection-abort-by-local
   MainThread:23:11:53.629 manager.py                                970 DEBUG    | received D-Bus signal: org.freedesktop.DBus.Properties.PropertiesChanged (/org/bluez/hci0/dev_C3_CD_44_8D_28_CD): ['org.bluez.Device1', {'Connected': <dbus_fast.signature.Variant ('b', False)>}, []]
   MainThread:23:11:53.629 client.py                                 163 DEBUG    | Device disconnected (/org/bluez/hci0/dev_C3_CD_44_8D_28_CD)
   MainThread:23:11:53.630 client.py                                 360 DEBUG    | _cleanup_all(/org/bluez/hci0/dev_C3_CD_44_8D_28_CD)
   MainThread:23:11:53.630 client.py                                 360 DEBUG    | _cleanup_all(/org/bluez/hci0/dev_C3_CD_44_8D_28_CD)
   MainThread:23:11:53.631 client.py                                 367 DEBUG    | already disconnected (/org/bluez/hci0/dev_C3_CD_44_8D_28_CD)
   MainThread:23:11:53.633 bleak_wrapper.py                          253 WARNING  | Connection failed during establishment..
   MainThread:23:11:53.646 client.py                                 114 WARNING  | Failed to connect. Retrying #3
   MainThread:23:11:53.657 bleak_wrapper.py                          222 INFO     | Establishing BLE connection to C3:CD:44:8D:28:CD: GoPro 0814...
   MainThread:23:11:53.669 client.py                                 116 DEBUG    | Connecting to device @ C3:CD:44:8D:28:CD
   MainThread:23:11:53.677 client.py                                 245 DEBUG    | Connecting to BlueZ path /org/bluez/hci0/dev_C3_CD_44_8D_28_CD
   MainThread:23:11:53.934 manager.py                                970 DEBUG    | received D-Bus signal: org.freedesktop.DBus.Properties.PropertiesChanged (/org/bluez/hci0/dev_C3_CD_44_8D_28_CD): ['org.bluez.Device1', {'Connected': <dbus_fast.signature.Variant ('b', True)>}, []]
   MainThread:23:11:54.263 client.py                                 280 DEBUG    | retry due to le-connection-abort-by-local
   MainThread:23:11:54.276 manager.py                                970 DEBUG    | received D-Bus signal: org.freedesktop.DBus.Properties.PropertiesChanged (/org/bluez/hci0/dev_C3_CD_44_8D_28_CD): ['org.bluez.Device1', {'Connected': <dbus_fast.signature.Variant ('b', False)>}, []]
   MainThread:23:11:54.276 client.py                                 163 DEBUG    | Device disconnected (/org/bluez/hci0/dev_C3_CD_44_8D_28_CD)
   MainThread:23:11:54.277 client.py                                 360 DEBUG    | _cleanup_all(/org/bluez/hci0/dev_C3_CD_44_8D_28_CD)
   MainThread:23:11:54.277 client.py                                 360 DEBUG    | _cleanup_all(/org/bluez/hci0/dev_C3_CD_44_8D_28_CD)
   MainThread:23:11:54.278 client.py                                 367 DEBUG    | already disconnected (/org/bluez/hci0/dev_C3_CD_44_8D_28_CD)
   MainThread:23:11:54.280 bleak_wrapper.py                          253 WARNING  | Connection failed during establishment..
   MainThread:23:11:54.292 client.py                                 114 WARNING  | Failed to connect. Retrying #4
   MainThread:23:11:54.301 gopro_wireless.py                         448 ERROR    | Error while opening: ConnectFailed('BLE connection failed to establish after 5 retries with timeout 15')
   MainThread:23:11:54.312 gopro_wireless.py                         396 INFO     | Opening BLE connection...
   MainThread:23:11:54.320 bleak_wrapper.py                          127 INFO     | Scanning for GoPro [A-Z0-9]{4} bluetooth devices...
   MainThread:23:11:54.341 manager.py                                970 DEBUG    | received D-Bus signal: org.freedesktop.DBus.Properties.PropertiesChanged (/org/bluez/hci0): ['org.bluez.Adapter1', {'Discovering': <dbus_fast.signature.Variant ('b', True)>}, []]
   MainThread:23:11:54.549 manager.py                                970 DEBUG    | received D-Bus signal: org.freedesktop.DBus.Properties.PropertiesChanged (/org/bluez/hci0/dev_C3_CD_44_8D_28_CD): ['org.bluez.Device1', {'RSSI': <dbus_fast.signature.Variant ('n', -64)>}, []]
   MainThread:23:11:54.550 bleak_wrapper.py                          140 INFO     | 	Discovered: C3:CD:44:8D:28:CD: GoPro 0814
   MainThread:23:11:54.563 manager.py                                970 DEBUG    | received D-Bus signal: org.freedesktop.DBus.Properties.PropertiesChanged (/org/bluez/hci0/dev_D6_54_1E_71_9D_D7): ['org.bluez.Device1', {'RSSI': <dbus_fast.signature.Variant ('n', -44)>}, []]
   MainThread:23:11:54.570 manager.py                                970 DEBUG    | received D-Bus signal: org.freedesktop.DBus.Properties.PropertiesChanged (/org/bluez/hci0/dev_D6_54_1E_71_9D_D7): ['org.bluez.Device1', {}, ['RSSI']]
   MainThread:23:11:54.571 manager.py                                970 DEBUG    | received D-Bus signal: org.freedesktop.DBus.Properties.PropertiesChanged (/org/bluez/hci0/dev_C3_CD_44_8D_28_CD): ['org.bluez.Device1', {}, ['RSSI']]
   MainThread:23:11:54.573 manager.py                                970 DEBUG    | received D-Bus signal: org.freedesktop.DBus.Properties.PropertiesChanged (/org/bluez/hci0): ['org.bluez.Adapter1', {'Discovering': <dbus_fast.signature.Variant ('b', False)>}, []]
   MainThread:23:11:54.576 bleak_wrapper.py                          155 INFO     | Found 1 matching devices.
   MainThread:23:11:54.589 client.py                                 108 INFO     | Establishing the BLE connection
   MainThread:23:11:54.599 bleak_wrapper.py                          222 INFO     | Establishing BLE connection to C3:CD:44:8D:28:CD: GoPro 0814...
   MainThread:23:11:54.610 client.py                                 116 DEBUG    | Connecting to device @ C3:CD:44:8D:28:CD
   MainThread:23:11:54.616 client.py                                 245 DEBUG    | Connecting to BlueZ path /org/bluez/hci0/dev_C3_CD_44_8D_28_CD
   MainThread:23:11:55.483 manager.py                                970 DEBUG    | received D-Bus signal: org.freedesktop.DBus.Properties.PropertiesChanged (/org/bluez/hci0/dev_C3_CD_44_8D_28_CD): ['org.bluez.Device1', {'Connected': <dbus_fast.signature.Variant ('b', True)>}, []]
   MainThread:23:11:55.783 client.py                                 280 DEBUG    | retry due to le-connection-abort-by-local
   MainThread:23:11:55.810 manager.py                                970 DEBUG    | received D-Bus signal: org.freedesktop.DBus.Properties.PropertiesChanged (/org/bluez/hci0/dev_C3_CD_44_8D_28_CD): ['org.bluez.Device1', {'Connected': <dbus_fast.signature.Variant ('b', False)>}, []]
   MainThread:23:11:55.810 client.py                                 163 DEBUG    | Device disconnected (/org/bluez/hci0/dev_C3_CD_44_8D_28_CD)
   MainThread:23:11:55.811 client.py                                 360 DEBUG    | _cleanup_all(/org/bluez/hci0/dev_C3_CD_44_8D_28_CD)
   MainThread:23:11:55.811 client.py                                 360 DEBUG    | _cleanup_all(/org/bluez/hci0/dev_C3_CD_44_8D_28_CD)
   MainThread:23:11:55.812 client.py                                 367 DEBUG    | already disconnected (/org/bluez/hci0/dev_C3_CD_44_8D_28_CD)
   MainThread:23:11:55.817 bleak_wrapper.py                          253 WARNING  | Connection failed during establishment..
   MainThread:23:11:55.828 client.py                                 114 WARNING  | Failed to connect. Retrying #1
   MainThread:23:11:55.837 bleak_wrapper.py                          222 INFO     | Establishing BLE connection to C3:CD:44:8D:28:CD: GoPro 0814...
   MainThread:23:11:55.844 client.py                                 116 DEBUG    | Connecting to device @ C3:CD:44:8D:28:CD
   MainThread:23:11:55.851 client.py                                 245 DEBUG    | Connecting to BlueZ path /org/bluez/hci0/dev_C3_CD_44_8D_28_CD
   MainThread:23:11:56.710 manager.py                                970 DEBUG    | received D-Bus signal: org.freedesktop.DBus.Properties.PropertiesChanged (/org/bluez/hci0/dev_C3_CD_44_8D_28_CD): ['org.bluez.Device1', {'Connected': <dbus_fast.signature.Variant ('b', True)>}, []]
   MainThread:23:11:57.010 client.py                                 280 DEBUG    | retry due to le-connection-abort-by-local
   MainThread:23:11:57.025 manager.py                                970 DEBUG    | received D-Bus signal: org.freedesktop.DBus.Properties.PropertiesChanged (/org/bluez/hci0/dev_C3_CD_44_8D_28_CD): ['org.bluez.Device1', {'Connected': <dbus_fast.signature.Variant ('b', False)>}, []]
   MainThread:23:11:57.026 client.py                                 163 DEBUG    | Device disconnected (/org/bluez/hci0/dev_C3_CD_44_8D_28_CD)
   MainThread:23:11:57.026 client.py                                 360 DEBUG    | _cleanup_all(/org/bluez/hci0/dev_C3_CD_44_8D_28_CD)
   MainThread:23:11:57.027 client.py                                 360 DEBUG    | _cleanup_all(/org/bluez/hci0/dev_C3_CD_44_8D_28_CD)
   MainThread:23:11:57.027 client.py                                 367 DEBUG    | already disconnected (/org/bluez/hci0/dev_C3_CD_44_8D_28_CD)
   MainThread:23:11:57.034 bleak_wrapper.py                          253 WARNING  | Connection failed during establishment..
   MainThread:23:11:57.047 client.py                                 114 WARNING  | Failed to connect. Retrying #2
   MainThread:23:11:57.055 bleak_wrapper.py                          222 INFO     | Establishing BLE connection to C3:CD:44:8D:28:CD: GoPro 0814...
   MainThread:23:11:57.061 client.py                                 116 DEBUG    | Connecting to device @ C3:CD:44:8D:28:CD
   MainThread:23:11:57.067 client.py                                 245 DEBUG    | Connecting to BlueZ path /org/bluez/hci0/dev_C3_CD_44_8D_28_CD
   MainThread:23:11:57.322 manager.py                                970 DEBUG    | received D-Bus signal: org.freedesktop.DBus.Properties.PropertiesChanged (/org/bluez/hci0/dev_C3_CD_44_8D_28_CD): ['org.bluez.Device1', {'Connected': <dbus_fast.signature.Variant ('b', True)>}, []]
   MainThread:23:11:57.617 client.py                                 280 DEBUG    | retry due to le-connection-abort-by-local
   MainThread:23:11:57.631 manager.py                                970 DEBUG    | received D-Bus signal: org.freedesktop.DBus.Properties.PropertiesChanged (/org/bluez/hci0/dev_C3_CD_44_8D_28_CD): ['org.bluez.Device1', {'Connected': <dbus_fast.signature.Variant ('b', False)>}, []]
   MainThread:23:11:57.631 client.py                                 163 DEBUG    | Device disconnected (/org/bluez/hci0/dev_C3_CD_44_8D_28_CD)
   MainThread:23:11:57.632 client.py                                 360 DEBUG    | _cleanup_all(/org/bluez/hci0/dev_C3_CD_44_8D_28_CD)
   MainThread:23:11:57.632 client.py                                 360 DEBUG    | _cleanup_all(/org/bluez/hci0/dev_C3_CD_44_8D_28_CD)
   MainThread:23:11:57.633 client.py                                 367 DEBUG    | already disconnected (/org/bluez/hci0/dev_C3_CD_44_8D_28_CD)
   MainThread:23:11:57.637 bleak_wrapper.py                          253 WARNING  | Connection failed during establishment..
   MainThread:23:11:57.650 client.py                                 114 WARNING  | Failed to connect. Retrying #3
   MainThread:23:11:57.659 bleak_wrapper.py                          222 INFO     | Establishing BLE connection to C3:CD:44:8D:28:CD: GoPro 0814...
   MainThread:23:11:57.668 client.py                                 116 DEBUG    | Connecting to device @ C3:CD:44:8D:28:CD
   MainThread:23:11:57.674 client.py                                 245 DEBUG    | Connecting to BlueZ path /org/bluez/hci0/dev_C3_CD_44_8D_28_CD
   MainThread:23:11:58.250 manager.py                                970 DEBUG    | received D-Bus signal: org.freedesktop.DBus.Properties.PropertiesChanged (/org/bluez/hci0/dev_C3_CD_44_8D_28_CD): ['org.bluez.Device1', {'Connected': <dbus_fast.signature.Variant ('b', True)>}, []]
   MainThread:23:11:58.546 client.py                                 280 DEBUG    | retry due to le-connection-abort-by-local
   MainThread:23:11:58.560 manager.py                                970 DEBUG    | received D-Bus signal: org.freedesktop.DBus.Properties.PropertiesChanged (/org/bluez/hci0/dev_C3_CD_44_8D_28_CD): ['org.bluez.Device1', {'Connected': <dbus_fast.signature.Variant ('b', False)>}, []]
   MainThread:23:11:58.561 client.py                                 163 DEBUG    | Device disconnected (/org/bluez/hci0/dev_C3_CD_44_8D_28_CD)
   MainThread:23:11:58.561 client.py                                 360 DEBUG    | _cleanup_all(/org/bluez/hci0/dev_C3_CD_44_8D_28_CD)
   MainThread:23:11:58.562 client.py                                 360 DEBUG    | _cleanup_all(/org/bluez/hci0/dev_C3_CD_44_8D_28_CD)
   MainThread:23:11:58.562 client.py                                 367 DEBUG    | already disconnected (/org/bluez/hci0/dev_C3_CD_44_8D_28_CD)
   MainThread:23:11:58.569 bleak_wrapper.py                          253 WARNING  | Connection failed during establishment..
   MainThread:23:11:58.585 client.py                                 114 WARNING  | Failed to connect. Retrying #4
   MainThread:23:11:58.592 gopro_wireless.py                         448 ERROR    | Error while opening: ConnectFailed('BLE connection failed to establish after 5 retries with timeout 15')
